[debug] [2025-04-24T10:11:19.377Z] ----------------------------------------------------------------------
[debug] [2025-04-24T10:11:19.380Z] Command:       C:\Program Files\nodejs\node.exe D:\cedt\GitHubActionPractice\GitHubActionPractice-\node_modules\firebase-tools\lib\bin\firebase.js emulators:start
[debug] [2025-04-24T10:11:19.380Z] CLI Version:   14.2.1
[debug] [2025-04-24T10:11:19.380Z] Platform:      win32
[debug] [2025-04-24T10:11:19.380Z] Node Version:  v20.17.0
[debug] [2025-04-24T10:11:19.381Z] Time:          Thu Apr 24 2025 17:11:19 GMT+0700 (เวลาอินโดจีน)
[debug] [2025-04-24T10:11:19.381Z] ----------------------------------------------------------------------
[debug] 
[debug] [2025-04-24T10:11:19.613Z] > command requires scopes: ["email","openid","https://www.googleapis.com/auth/cloudplatformprojects.readonly","https://www.googleapis.com/auth/firebase","https://www.googleapis.com/auth/cloud-platform"]
[debug] [2025-04-24T10:11:19.613Z] > authorizing via signed-in user (thunwawa48@gmail.com)
[info] i  emulators: Starting emulators: hosting {"metadata":{"emulator":{"name":"hub"},"message":"Starting emulators: hosting"}}
[debug] [2025-04-24T10:11:19.625Z] [logging] Logging Emulator only supports listening on one address (127.0.0.1). Not listening on ::1
[debug] [2025-04-24T10:11:19.625Z] [hosting] Hosting Emulator only supports listening on one address (127.0.0.1). Not listening on ::1
[debug] [2025-04-24T10:11:19.625Z] assigned listening specs for emulators {"user":{"hub":[{"address":"127.0.0.1","family":"IPv4","port":4400},{"address":"::1","family":"IPv6","port":4400}],"logging":[{"address":"127.0.0.1","family":"IPv4","port":4500}],"hosting":[{"address":"127.0.0.1","family":"IPv4","port":5000}]},"metadata":{"message":"assigned listening specs for emulators"}}
[debug] [2025-04-24T10:11:19.629Z] [hub] writing locator at C:\Users\thunw\AppData\Local\Temp\hub-thunwa.json
[debug] [2025-04-24T10:11:19.645Z] Checked if tokens are valid: true, expires at: 1745492422895
[debug] [2025-04-24T10:11:19.645Z] Checked if tokens are valid: true, expires at: 1745492422895
[debug] [2025-04-24T10:11:19.646Z] >>> [apiv2][query] GET https://firebasehosting.googleapis.com/v1beta1/projects/thunwa/sites 
[debug] [2025-04-24T10:11:20.393Z] <<< [apiv2][status] GET https://firebasehosting.googleapis.com/v1beta1/projects/thunwa/sites 200
[debug] [2025-04-24T10:11:20.394Z] <<< [apiv2][body] GET https://firebasehosting.googleapis.com/v1beta1/projects/thunwa/sites {"sites":[{"name":"projects/thunwa/sites/thunwa","defaultUrl":"https://thunwa.web.app","type":"DEFAULT_SITE"}]}
[debug] [2025-04-24T10:11:20.394Z] Checked if tokens are valid: true, expires at: 1745492422895
[debug] [2025-04-24T10:11:20.394Z] Checked if tokens are valid: true, expires at: 1745492422895
[debug] [2025-04-24T10:11:20.394Z] >>> [apiv2][query] GET https://firebase.googleapis.com/v1beta1/projects/thunwa/webApps/-/config [none]
[debug] [2025-04-24T10:11:20.833Z] <<< [apiv2][status] GET https://firebase.googleapis.com/v1beta1/projects/thunwa/webApps/-/config 200
[debug] [2025-04-24T10:11:20.833Z] <<< [apiv2][body] GET https://firebase.googleapis.com/v1beta1/projects/thunwa/webApps/-/config {"projectId":"thunwa","storageBucket":"thunwa.firebasestorage.app","apiKey":"AIzaSyAhGCaocvSXTZCJBTTFTsHxwLJTMo_YmXw","authDomain":"thunwa.firebaseapp.com","messagingSenderId":"452775822255"}
[debug] [2025-04-24T10:11:20.837Z] Checked if tokens are valid: true, expires at: 1745492422895
[debug] [2025-04-24T10:11:20.837Z] Checked if tokens are valid: true, expires at: 1745492422895
[debug] [2025-04-24T10:11:20.838Z] >>> [apiv2][query] GET https://firebase.googleapis.com/v1beta1/projects/thunwa [none]
[debug] [2025-04-24T10:11:21.382Z] <<< [apiv2][status] GET https://firebase.googleapis.com/v1beta1/projects/thunwa 200
[debug] [2025-04-24T10:11:21.382Z] <<< [apiv2][body] GET https://firebase.googleapis.com/v1beta1/projects/thunwa {"projectId":"thunwa","projectNumber":"452775822255","displayName":"thunwa","name":"projects/thunwa","resources":{"hostingSite":"thunwa"},"state":"ACTIVE","etag":"1_236868e9-7bb5-44fc-ae72-3b27407ef487"}
[info] i  hosting[thunwa]: Serving hosting files from: public {"metadata":{"emulator":{"name":"hosting"},"message":"Serving hosting files from: \u001b[1mpublic\u001b[22m"}}
[info] +  hosting[thunwa]: Local server: http://127.0.0.1:5000 {"metadata":{"emulator":{"name":"hosting"},"message":"Local server: \u001b[4m\u001b[1mhttp://127.0.0.1:5000\u001b[22m\u001b[24m"}}
[warn] !  emulators: The Emulator UI is not starting, either because none of the running emulators have a UI component or the Emulator UI cannot determine the Project ID. Pass the --project flag to specify a project. {"metadata":{"emulator":{"name":"hub"},"message":"The Emulator UI is not starting, either because none of the running emulators have a UI component or the Emulator UI cannot determine the Project ID. Pass the --project flag to specify a project."}}
[debug] [2025-04-24T10:11:21.403Z] Could not find VSCode notification endpoint: FetchError: request to http://localhost:40001/vscode/notify failed, reason: . If you are not running the Firebase Data Connect VSCode extension, this is expected and not an issue.
[info] 
┌─────────────────────────────────────────────────────────────┐
│ ✔  All emulators ready! It is now safe to connect your app. │
└─────────────────────────────────────────────────────────────┘

┌──────────┬────────────────┐
│ Emulator │ Host:Port      │
├──────────┼────────────────┤
│ Hosting  │ 127.0.0.1:5000 │
└──────────┴────────────────┘
  Emulator Hub host: 127.0.0.1 port: 4400
  Other reserved ports: 4500

Issues? Report them at https://github.com/firebase/firebase-tools/issues and attach the *-debug.log files.
 
